
===System Health Report===
Time:2026-07-27 07:33:12.802391

Disk usage:
Filesystem      Size  Used Avail Use% Mounted on
/dev/sdd       1007G  2.4G  954G   1% /

Memory:
               total        used        free      shared  buff/cache   available
Mem:            11Gi       577Mi        10Gi       3.5Mi       196Mi        10Gi
Swap:          3.0Gi          0B       3.0Gi

CPU load:
 07:33:12 up 43 min,  1 user,  load average: 0.10, 0.07, 0.03

==========================

===System Health Report===
Time:2026-07-27 08:39:37.978013

Disk usage:
OK:Disk usage at 1%
Filesystem      Size  Used Avail Use% Mounted on
/dev/sdd       1007G  2.4G  954G   1% /
 
Memory:
               total        used        free      shared  buff/cache   available
Mem:            11Gi       582Mi        10Gi       3.5Mi       207Mi        10Gi
Swap:          3.0Gi          0B       3.0Gi

CPU load:
 08:39:37 up  1:21,  1 user,  load average: 0.13, 0.10, 0.02

==========================
